23:15:52 t=4:37 L1 hp=100% gold=934 0/0/0 cs=0 | traveling lane=0% dmg=0 | intent=farm | jev=- | act=minimap move to 7400,7400 blocked=3
23:15:53 t=4:38 L1 hp=100% gold=936 0/0/0 cs=0 | traveling lane=2% dmg=0 | intent=farm | jev=- | act=level Q blocked=4
23:15:54 t=4:39 L1 hp=100% gold=938 0/0/0 cs=0 | traveling lane=4% dmg=0 | intent=farm | jev=farm (p=0.94) danger=0.0 recall=0.30 fight=0.20 aggr=0.1 item=Doran's Blade [356 ms, 1308 tok] | act=minimap move to 7400,7400 blocked=7
23:15:55 t=4:40 L1 hp=100% gold=940 0/0/0 cs=0 | traveling lane=6% dmg=0 | intent=farm | jev=farm (p=0.96) danger=0.0 recall=0.29 fight=0.19 aggr=0.1 item=Doran's Blade [146 ms, 1308 tok] | act=level Q blocked=8
23:15:56 t=4:41 L1 hp=100% gold=942 0/0/0 cs=0 | traveling lane=8% dmg=0 | intent=farm | jev=farm (p=0.95) danger=0.0 recall=0.27 fight=0.19 aggr=0.1 item=Doran's Blade [156 ms, 1308 tok] | act=minimap move to 7400,7400 blocked=11
23:15:57 t=4:42 L1 hp=100% gold=944 0/0/0 cs=0 | traveling lane=10% dmg=0 | intent=farm | jev=farm (p=0.96) danger=0.1 recall=0.28 fight=0.19 aggr=0.1 item=Doran's Blade [136 ms, 1308 tok] | act=level Q blocked=12
23:15:59 t=4:43 L1 hp=100% gold=946 0/0/0 cs=0 | traveling lane=12% dmg=0 | intent=farm | jev=farm (p=0.97) danger=0.1 recall=0.26 fight=0.19 aggr=0.1 item=Doran's Blade [201 ms, 1308 tok] | act=minimap move to 7400,7400 blocked=15
23:16:00 t=4:44 L1 hp=100% gold=948 0/0/0 cs=0 | traveling lane=14% dmg=0 | intent=farm | jev=farm (p=0.95) danger=0.0 recall=0.26 fight=0.19 aggr=0.1 item=Doran's Blade [172 ms, 1308 tok] | act=level Q blocked=16
23:16:01 t=4:45 L1 hp=100% gold=950 0/0/0 cs=0 | traveling lane=16% dmg=0 | intent=farm | jev=farm (p=0.94) danger=0.1 recall=0.28 fight=0.18 aggr=0.1 item=Doran's Blade [118 ms, 1308 tok] | act=minimap move to 7400,7400 blocked=19
23:16:02 t=4:46 L1 hp=100% gold=952 0/0/0 cs=0 | traveling lane=18% dmg=0 | intent=farm | jev=farm (p=0.94) danger=0.1 recall=0.28 fight=0.18 aggr=0.1 item=Doran's Blade [118 ms, 1308 tok] | act=level Q blocked=20
23:16:03 t=4:47 L1 hp=100% gold=954 0/0/0 cs=0 | traveling lane=20% dmg=0 | intent=farm | jev=farm (p=0.97) danger=0.1 recall=0.25 fight=0.17 aggr=0.1 item=Doran's Blade [217 ms, 1308 tok] | act=minimap move to 7400,7400 blocked=23
23:16:04 t=4:48 L1 hp=100% gold=956 0/0/0 cs=0 | traveling lane=22% dmg=0 | intent=farm | jev=farm (p=0.97) danger=0.0 recall=0.25 fight=0.18 aggr=0.1 item=Doran's Blade [136 ms, 1308 tok] | act=level Q blocked=24
23:16:05 t=4:49 L1 hp=100% gold=958 0/0/0 cs=0 | traveling lane=24% dmg=0 | intent=farm | jev=farm (p=0.97) danger=0.0 recall=0.25 fight=0.18 aggr=0.1 item=Doran's Blade [136 ms, 1308 tok] | act=minimap move to 7400,7400 blocked=27
23:16:06 t=4:50 L1 hp=100% gold=960 0/0/0 cs=0 | traveling lane=27% dmg=0 | intent=farm | jev=farm (p=0.96) danger=0.0 recall=0.27 fight=0.20 aggr=0.1 item=Doran's Blade [183 ms, 1308 tok] | act=level Q blocked=28
23:16:07 t=4:51 L1 hp=100% gold=962 0/0/0 cs=0 | traveling lane=29% dmg=0 | intent=farm | jev=farm (p=0.94) danger=0.0 recall=0.30 fight=0.20 aggr=0.1 item=Doran's Blade [145 ms, 1307 tok] | act=minimap move to 7400,7400 blocked=31
23:16:08 t=4:52 L1 hp=100% gold=964 0/0/0 cs=0 | traveling lane=31% dmg=0 | intent=farm | jev=farm (p=0.92) danger=0.0 recall=0.28 fight=0.19 aggr=0.1 item=Doran's Blade [164 ms, 1307 tok] | act=level Q blocked=32
23:16:09 t=4:53 L1 hp=100% gold=966 0/0/0 cs=0 | traveling lane=33% dmg=0 | intent=farm | jev=farm (p=0.95) danger=0.0 recall=0.26 fight=0.20 aggr=0.2 item=Doran's Blade [127 ms, 1307 tok] | act=minimap move to 7400,7400 blocked=35
23:16:10 t=4:54 L1 hp=100% gold=968 0/0/0 cs=0 | traveling lane=35% dmg=0 | intent=farm | jev=farm (p=0.96) danger=0.0 recall=0.25 fight=0.19 aggr=0.1 item=Doran's Blade [172 ms, 1307 tok] | act=level Q blocked=36
23:16:11 t=4:55 L1 hp=100% gold=970 0/0/0 cs=0 | traveling lane=37% dmg=0 | intent=farm | jev=farm (p=0.96) danger=0.0 recall=0.25 fight=0.19 aggr=0.1 item=Doran's Blade [172 ms, 1307 tok] | act=minimap move to 7400,7400 blocked=39
23:16:12 t=4:56 L1 hp=100% gold=972 0/0/0 cs=0 | traveling lane=39% dmg=0 | intent=farm | jev=farm (p=0.84) danger=0.0 recall=0.39 fight=0.21 aggr=0.1 item=Doran's Blade [162 ms, 1307 tok] | act=level Q blocked=40
23:16:13 t=4:57 L1 hp=100% gold=974 0/0/0 cs=0 | traveling lane=41% dmg=0 | intent=farm | jev=farm (p=0.86) danger=0.0 recall=0.41 fight=0.21 aggr=0.1 item=Doran's Blade [155 ms, 1307 tok] | act=minimap move to 7400,7400 blocked=43
23:16:14 t=4:58 L1 hp=100% gold=976 0/0/0 cs=0 | lane lane=43% dmg=0 | intent=farm | jev=farm (p=0.86) danger=0.0 recall=0.44 fight=0.23 aggr=0.2 item=Doran's Blade [177 ms, 1307 tok] | act=attack-move fwd blocked=52
23:16:15 t=4:59 L1 hp=100% gold=978 0/0/0 cs=0 | lane lane=45% dmg=0 | intent=farm | jev=farm (p=0.88) danger=0.0 recall=0.42 fight=0.21 aggr=0.2 item=Doran's Blade [164 ms, 1307 tok] | act=attack-move fwd blocked=57
23:16:16 t=5:00 L1 hp=100% gold=980 0/0/0 cs=0 | lane lane=47% dmg=0 | intent=farm | jev=farm (p=0.86) danger=0.0 recall=0.47 fight=0.20 aggr=0.1 item=Doran's Blade [193 ms, 1307 tok] | act=attack-move fwd blocked=66
23:16:17 t=5:01 L1 hp=100% gold=982 0/0/0 cs=0 | lane lane=49% dmg=0 | intent=farm | jev=farm (p=0.93) danger=0.1 recall=0.37 fight=0.21 aggr=0.1 item=Doran's Blade [195 ms, 1308 tok] | act=attack-move fwd blocked=75
23:16:18 t=5:02 L1 hp=100% gold=985 0/0/0 cs=0 | lane lane=51% dmg=0 | intent=farm | jev=farm (p=0.95) danger=0.0 recall=0.30 fight=0.21 aggr=0.2 item=Doran's Blade [126 ms, 1308 tok] | act=attack-move fwd blocked=79
23:16:19 t=5:03 L1 hp=100% gold=988 0/0/0 cs=0 | lane lane=53% dmg=0 | intent=farm | jev=farm (p=0.93) danger=0.1 recall=0.33 fight=0.22 aggr=0.2 item=Doran's Blade [140 ms, 1308 tok] | act=attack-move hold blocked=87
23:16:20 t=5:04 L1 hp=100% gold=990 0/0/0 cs=0 | lane lane=53% dmg=0 | intent=farm | jev=farm (p=0.95) danger=0.1 recall=0.32 fight=0.23 aggr=0.2 item=Doran's Blade [129 ms, 1308 tok] | act=Q up the lane blocked=95
23:16:21 t=5:05 L1 hp=100% gold=992 0/0/0 cs=0 | lane lane=53% dmg=0 | intent=farm | jev=farm (p=0.95) danger=0.0 recall=0.31 fight=0.23 aggr=0.2 item=Doran's Blade [251 ms, 1308 tok] | act=attack-move hold blocked=99
23:16:22 t=5:06 L1 hp=100% gold=993 0/0/0 cs=0 | lane lane=53% dmg=0 | intent=farm | jev=farm (p=0.94) danger=0.0 recall=0.33 fight=0.23 aggr=0.2 item=Doran's Blade [136 ms, 1308 tok] | act=attack-move hold blocked=107
23:16:23 t=5:07 L1 hp=100% gold=996 0/0/0 cs=0 | lane lane=53% dmg=0 | intent=farm | jev=farm (p=0.93) danger=0.0 recall=0.33 fight=0.22 aggr=0.2 item=Doran's Blade [145 ms, 1308 tok] | act=attack-move hold blocked=111
23:16:24 t=5:08 L1 hp=100% gold=998 0/0/0 cs=0 | lane lane=53% dmg=0 | intent=farm | jev=farm (p=0.93) danger=0.0 recall=0.31 fight=0.24 aggr=0.2 item=Doran's Blade [168 ms, 1308 tok] | act=attack-move hold blocked=119
23:16:25 t=5:09 L1 hp=100% gold=1000 0/0/0 cs=0 | lane lane=53% dmg=0 | intent=farm | jev=farm (p=0.97) danger=0.0 recall=0.28 fight=0.23 aggr=0.2 item=Doran's Blade [201 ms, 1308 tok] | act=attack-move hold blocked=127
23:16:26 t=5:10 L1 hp=100% gold=1002 0/0/0 cs=0 | lane lane=53% dmg=0 | intent=farm | jev=farm (p=0.97) danger=0.0 recall=0.30 fight=0.22 aggr=0.2 item=Doran's Blade [187 ms, 1309 tok] | act=attack-move hold blocked=131
23:16:27 t=5:11 L1 hp=100% gold=1004 0/0/0 cs=0 | lane lane=53% dmg=0 | intent=farm | jev=farm (p=0.96) danger=0.1 recall=0.28 fight=0.22 aggr=0.2 item=Doran's Blade [133 ms, 1309 tok] | act=attack-move hold blocked=139
23:16:28 t=5:12 L1 hp=100% gold=1006 0/0/0 cs=0 | lane lane=53% dmg=0 | intent=farm | jev=farm (p=0.97) danger=0.0 recall=0.32 fight=0.22 aggr=0.2 item=Doran's Blade [170 ms, 1309 tok] | act=Q up the lane blocked=147
23:16:29 t=5:13 L1 hp=100% gold=1008 0/0/0 cs=0 | lane lane=53% dmg=0 | intent=farm | jev=farm (p=0.94) danger=0.1 recall=0.31 fight=0.23 aggr=0.2 item=Doran's Blade [218 ms, 1309 tok] | act=attack-move hold blocked=151
23:16:30 t=5:14 L1 hp=100% gold=1010 0/0/0 cs=0 | lane lane=53% dmg=0 | intent=farm | jev=farm (p=0.95) danger=0.0 recall=0.33 fight=0.22 aggr=0.2 item=Doran's Blade [263 ms, 1309 tok] | act=attack-move hold blocked=159
23:16:31 t=5:15 L1 hp=100% gold=1012 0/0/0 cs=0 | lane lane=53% dmg=0 | intent=farm | jev=farm (p=0.96) danger=0.0 recall=0.31 fight=0.23 aggr=0.2 item=Doran's Blade [132 ms, 1309 tok] | act=attack-move hold blocked=163
23:16:32 t=5:16 L1 hp=100% gold=1014 0/0/0 cs=0 | lane lane=53% dmg=0 | intent=farm | jev=farm (p=0.95) danger=0.0 recall=0.33 fight=0.23 aggr=0.2 item=Doran's Blade [159 ms, 1309 tok] | act=attack-move hold blocked=171
23:16:33 t=5:17 L1 hp=100% gold=1016 0/0/0 cs=0 | lane lane=53% dmg=0 | intent=farm | jev=farm (p=0.95) danger=0.0 recall=0.33 fight=0.22 aggr=0.2 item=Doran's Blade [141 ms, 1309 tok] | act=attack-move hold blocked=179
23:16:34 t=5:18 L1 hp=100% gold=1018 0/0/0 cs=0 | lane lane=53% dmg=0 | intent=farm | jev=farm (p=0.94) danger=0.1 recall=0.32 fight=0.22 aggr=0.2 item=Doran's Blade [129 ms, 1309 tok] | act=attack-move hold blocked=183
23:16:35 t=5:19 L1 hp=100% gold=1020 0/0/0 cs=0 | lane lane=53% dmg=0 | intent=farm | jev=farm (p=0.95) danger=0.1 recall=0.35 fight=0.23 aggr=0.3 item=Doran's Blade [187 ms, 1309 tok] | act=attack-move hold blocked=191
23:16:36 t=5:20 L1 hp=100% gold=1022 0/0/0 cs=0 | lane lane=53% dmg=0 | intent=farm | jev=farm (p=0.95) danger=0.0 recall=0.32 fight=0.21 aggr=0.2 item=Doran's Blade [104 ms, 1309 tok] | act=Q up the lane blocked=199
